select pyanaconda();
 pyanaconda 
------------
          1
(1 row)

